[25-May-2026 12:05:40 UTC] PHP Deprecated:  Optional parameter $storage_path declared before required parameter $sftp is implicitly treated as a required parameter in D:\Setup\xampp\htdocs\avas\wp-content\plugins\duplicator-pro\lib\phpseclib\class.phpseclib.php on line 107
[25-May-2026 12:05:40 UTC] PHP Deprecated:  Creation of dynamic property DUP_PRO_Global_Entity::$notices is deprecated in D:\Setup\xampp\htdocs\avas\wp-content\plugins\duplicator-pro\classes\entities\class.json.entity.base.php on line 277
[25-May-2026 12:05:40 UTC] PHP Notice:  Function _load_textdomain_just_in_time was called <strong>incorrectly</strong>. Translation loading for the <code>plugins-garbage-collector</code> domain was triggered too early. This is usually an indicator for some code in the plugin or theme running too early. Translations should be loaded at the <code>init</code> action or later. Please see <a href="https://developer.wordpress.org/advanced-administration/debug/debug-wordpress/">Debugging in WordPress</a> for more information. (This message was added in version 6.7.0.) in D:\Setup\xampp\htdocs\avas\wp-includes\functions.php on line 6170
[25-May-2026 12:05:40 UTC] PHP Warning:  Trying to access array offset on value of type bool in D:\Setup\xampp\htdocs\avas\wp-content\themes\aquariuss\template-parts\pages\home.php on line 120
[25-May-2026 12:05:40 UTC] PHP Deprecated:  ltrim(): Passing null to parameter #1 ($string) of type string is deprecated in D:\Setup\xampp\htdocs\avas\wp-includes\formatting.php on line 4487
[25-May-2026 12:05:40 UTC] PHP Warning:  Trying to access array offset on value of type bool in D:\Setup\xampp\htdocs\avas\wp-content\themes\aquariuss\template-parts\pages\home.php on line 120
[25-May-2026 12:05:40 UTC] PHP Warning:  Trying to access array offset on value of type bool in D:\Setup\xampp\htdocs\avas\wp-content\themes\aquariuss\template-parts\pages\home.php on line 120
[25-May-2026 12:05:40 UTC] PHP Deprecated:  ltrim(): Passing null to parameter #1 ($string) of type string is deprecated in D:\Setup\xampp\htdocs\avas\wp-includes\formatting.php on line 4487
[25-May-2026 12:05:40 UTC] PHP Warning:  Trying to access array offset on value of type bool in D:\Setup\xampp\htdocs\avas\wp-content\themes\aquariuss\template-parts\pages\home.php on line 120
[25-May-2026 12:05:40 UTC] PHP Warning:  Trying to access array offset on value of type bool in D:\Setup\xampp\htdocs\avas\wp-content\themes\aquariuss\template-parts\pages\home.php on line 120
[25-May-2026 12:05:40 UTC] PHP Deprecated:  ltrim(): Passing null to parameter #1 ($string) of type string is deprecated in D:\Setup\xampp\htdocs\avas\wp-includes\formatting.php on line 4487
[25-May-2026 12:05:40 UTC] PHP Warning:  Trying to access array offset on value of type bool in D:\Setup\xampp\htdocs\avas\wp-content\themes\aquariuss\template-parts\pages\home.php on line 120
[25-May-2026 12:05:40 UTC] PHP Warning:  Trying to access array offset on value of type bool in D:\Setup\xampp\htdocs\avas\wp-content\themes\aquariuss\template-parts\pages\home.php on line 120
[25-May-2026 12:05:40 UTC] PHP Deprecated:  ltrim(): Passing null to parameter #1 ($string) of type string is deprecated in D:\Setup\xampp\htdocs\avas\wp-includes\formatting.php on line 4487
[25-May-2026 12:05:40 UTC] PHP Warning:  Trying to access array offset on value of type bool in D:\Setup\xampp\htdocs\avas\wp-content\themes\aquariuss\template-parts\pages\home.php on line 120
[25-May-2026 12:05:40 UTC] PHP Warning:  Trying to access array offset on value of type bool in D:\Setup\xampp\htdocs\avas\wp-content\themes\aquariuss\template-parts\pages\home.php on line 120
[25-May-2026 12:05:40 UTC] PHP Deprecated:  ltrim(): Passing null to parameter #1 ($string) of type string is deprecated in D:\Setup\xampp\htdocs\avas\wp-includes\formatting.php on line 4487
[25-May-2026 12:05:40 UTC] PHP Warning:  Trying to access array offset on value of type bool in D:\Setup\xampp\htdocs\avas\wp-content\themes\aquariuss\template-parts\pages\home.php on line 120
[25-May-2026 12:05:40 UTC] PHP Fatal error:  Uncaught TypeError: Cannot access offset of type string on string in D:\Setup\xampp\htdocs\avas\wp-content\themes\aquariuss\template-parts\pages\home.php:141
Stack trace:
#0 D:\Setup\xampp\htdocs\avas\wp-includes\template.php(816): require()
#1 D:\Setup\xampp\htdocs\avas\wp-includes\template.php(749): load_template('D:\\Setup\\xampp\\...', false, Array)
#2 D:\Setup\xampp\htdocs\avas\wp-includes\general-template.php(206): locate_template(Array, true, false, Array)
#3 D:\Setup\xampp\htdocs\avas\wp-content\themes\aquariuss\index.php(13): get_template_part('template-parts/...')
#4 D:\Setup\xampp\htdocs\avas\wp-includes\template-loader.php(132): include('D:\\Setup\\xampp\\...')
#5 D:\Setup\xampp\htdocs\avas\wp-blog-header.php(19): require_once('D:\\Setup\\xampp\\...')
#6 D:\Setup\xampp\htdocs\avas\index.php(17): require('D:\\Setup\\xampp\\...')
#7 {main}
  thrown in D:\Setup\xampp\htdocs\avas\wp-content\themes\aquariuss\template-parts\pages\home.php on line 141
[25-May-2026 12:05:40 UTC] PHP Deprecated:  Optional parameter $storage_path declared before required parameter $sftp is implicitly treated as a required parameter in D:\Setup\xampp\htdocs\avas\wp-content\plugins\duplicator-pro\lib\phpseclib\class.phpseclib.php on line 107
[25-May-2026 12:05:40 UTC] PHP Deprecated:  Optional parameter $storage_path declared before required parameter $sftp is implicitly treated as a required parameter in D:\Setup\xampp\htdocs\avas\wp-content\plugins\duplicator-pro\lib\phpseclib\class.phpseclib.php on line 107
[25-May-2026 12:05:40 UTC] PHP Deprecated:  Creation of dynamic property DUP_PRO_Global_Entity::$notices is deprecated in D:\Setup\xampp\htdocs\avas\wp-content\plugins\duplicator-pro\classes\entities\class.json.entity.base.php on line 277
[25-May-2026 12:05:40 UTC] PHP Deprecated:  Creation of dynamic property DUP_PRO_Global_Entity::$notices is deprecated in D:\Setup\xampp\htdocs\avas\wp-content\plugins\duplicator-pro\classes\entities\class.json.entity.base.php on line 277
[25-May-2026 12:05:40 UTC] PHP Notice:  Function _load_textdomain_just_in_time was called <strong>incorrectly</strong>. Translation loading for the <code>plugins-garbage-collector</code> domain was triggered too early. This is usually an indicator for some code in the plugin or theme running too early. Translations should be loaded at the <code>init</code> action or later. Please see <a href="https://developer.wordpress.org/advanced-administration/debug/debug-wordpress/">Debugging in WordPress</a> for more information. (This message was added in version 6.7.0.) in D:\Setup\xampp\htdocs\avas\wp-includes\functions.php on line 6170
[25-May-2026 12:05:40 UTC] PHP Notice:  Function _load_textdomain_just_in_time was called <strong>incorrectly</strong>. Translation loading for the <code>plugins-garbage-collector</code> domain was triggered too early. This is usually an indicator for some code in the plugin or theme running too early. Translations should be loaded at the <code>init</code> action or later. Please see <a href="https://developer.wordpress.org/advanced-administration/debug/debug-wordpress/">Debugging in WordPress</a> for more information. (This message was added in version 6.7.0.) in D:\Setup\xampp\htdocs\avas\wp-includes\functions.php on line 6170
[25-May-2026 12:05:41 UTC] PHP Deprecated:  Optional parameter $storage_path declared before required parameter $sftp is implicitly treated as a required parameter in D:\Setup\xampp\htdocs\avas\wp-content\plugins\duplicator-pro\lib\phpseclib\class.phpseclib.php on line 107
[25-May-2026 12:05:41 UTC] PHP Deprecated:  Creation of dynamic property DUP_PRO_Global_Entity::$notices is deprecated in D:\Setup\xampp\htdocs\avas\wp-content\plugins\duplicator-pro\classes\entities\class.json.entity.base.php on line 277
[25-May-2026 12:05:41 UTC] PHP Notice:  Function _load_textdomain_just_in_time was called <strong>incorrectly</strong>. Translation loading for the <code>plugins-garbage-collector</code> domain was triggered too early. This is usually an indicator for some code in the plugin or theme running too early. Translations should be loaded at the <code>init</code> action or later. Please see <a href="https://developer.wordpress.org/advanced-administration/debug/debug-wordpress/">Debugging in WordPress</a> for more information. (This message was added in version 6.7.0.) in D:\Setup\xampp\htdocs\avas\wp-includes\functions.php on line 6170
[25-May-2026 12:05:54 UTC] PHP Deprecated:  Optional parameter $storage_path declared before required parameter $sftp is implicitly treated as a required parameter in D:\Setup\xampp\htdocs\avas\wp-content\plugins\duplicator-pro\lib\phpseclib\class.phpseclib.php on line 107
[25-May-2026 12:05:54 UTC] PHP Deprecated:  Creation of dynamic property DUP_PRO_Global_Entity::$notices is deprecated in D:\Setup\xampp\htdocs\avas\wp-content\plugins\duplicator-pro\classes\entities\class.json.entity.base.php on line 277
[25-May-2026 12:05:54 UTC] PHP Notice:  Function _load_textdomain_just_in_time was called <strong>incorrectly</strong>. Translation loading for the <code>plugins-garbage-collector</code> domain was triggered too early. This is usually an indicator for some code in the plugin or theme running too early. Translations should be loaded at the <code>init</code> action or later. Please see <a href="https://developer.wordpress.org/advanced-administration/debug/debug-wordpress/">Debugging in WordPress</a> for more information. (This message was added in version 6.7.0.) in D:\Setup\xampp\htdocs\avas\wp-includes\functions.php on line 6170
[25-May-2026 12:07:19 UTC] PHP Deprecated:  Optional parameter $storage_path declared before required parameter $sftp is implicitly treated as a required parameter in D:\Setup\xampp\htdocs\avas\wp-content\plugins\duplicator-pro\lib\phpseclib\class.phpseclib.php on line 107
[25-May-2026 12:07:19 UTC] PHP Deprecated:  Creation of dynamic property DUP_PRO_Global_Entity::$notices is deprecated in D:\Setup\xampp\htdocs\avas\wp-content\plugins\duplicator-pro\classes\entities\class.json.entity.base.php on line 277
[25-May-2026 12:07:19 UTC] PHP Notice:  Function _load_textdomain_just_in_time was called <strong>incorrectly</strong>. Translation loading for the <code>plugins-garbage-collector</code> domain was triggered too early. This is usually an indicator for some code in the plugin or theme running too early. Translations should be loaded at the <code>init</code> action or later. Please see <a href="https://developer.wordpress.org/advanced-administration/debug/debug-wordpress/">Debugging in WordPress</a> for more information. (This message was added in version 6.7.0.) in D:\Setup\xampp\htdocs\avas\wp-includes\functions.php on line 6170
[25-May-2026 12:07:19 UTC] PHP Warning:  Trying to access array offset on value of type bool in D:\Setup\xampp\htdocs\avas\wp-content\themes\aquariuss\template-parts\pages\home.php on line 120
[25-May-2026 12:07:19 UTC] PHP Deprecated:  ltrim(): Passing null to parameter #1 ($string) of type string is deprecated in D:\Setup\xampp\htdocs\avas\wp-includes\formatting.php on line 4487
[25-May-2026 12:07:19 UTC] PHP Warning:  Trying to access array offset on value of type bool in D:\Setup\xampp\htdocs\avas\wp-content\themes\aquariuss\template-parts\pages\home.php on line 120
[25-May-2026 12:07:19 UTC] PHP Warning:  Trying to access array offset on value of type bool in D:\Setup\xampp\htdocs\avas\wp-content\themes\aquariuss\template-parts\pages\home.php on line 120
[25-May-2026 12:07:19 UTC] PHP Deprecated:  ltrim(): Passing null to parameter #1 ($string) of type string is deprecated in D:\Setup\xampp\htdocs\avas\wp-includes\formatting.php on line 4487
[25-May-2026 12:07:19 UTC] PHP Warning:  Trying to access array offset on value of type bool in D:\Setup\xampp\htdocs\avas\wp-content\themes\aquariuss\template-parts\pages\home.php on line 120
[25-May-2026 12:07:19 UTC] PHP Warning:  Trying to access array offset on value of type bool in D:\Setup\xampp\htdocs\avas\wp-content\themes\aquariuss\template-parts\pages\home.php on line 120
[25-May-2026 12:07:19 UTC] PHP Deprecated:  ltrim(): Passing null to parameter #1 ($string) of type string is deprecated in D:\Setup\xampp\htdocs\avas\wp-includes\formatting.php on line 4487
[25-May-2026 12:07:19 UTC] PHP Warning:  Trying to access array offset on value of type bool in D:\Setup\xampp\htdocs\avas\wp-content\themes\aquariuss\template-parts\pages\home.php on line 120
[25-May-2026 12:07:19 UTC] PHP Warning:  Trying to access array offset on value of type bool in D:\Setup\xampp\htdocs\avas\wp-content\themes\aquariuss\template-parts\pages\home.php on line 120
[25-May-2026 12:07:19 UTC] PHP Deprecated:  ltrim(): Passing null to parameter #1 ($string) of type string is deprecated in D:\Setup\xampp\htdocs\avas\wp-includes\formatting.php on line 4487
[25-May-2026 12:07:19 UTC] PHP Warning:  Trying to access array offset on value of type bool in D:\Setup\xampp\htdocs\avas\wp-content\themes\aquariuss\template-parts\pages\home.php on line 120
[25-May-2026 12:07:19 UTC] PHP Warning:  Trying to access array offset on value of type bool in D:\Setup\xampp\htdocs\avas\wp-content\themes\aquariuss\template-parts\pages\home.php on line 120
[25-May-2026 12:07:19 UTC] PHP Deprecated:  ltrim(): Passing null to parameter #1 ($string) of type string is deprecated in D:\Setup\xampp\htdocs\avas\wp-includes\formatting.php on line 4487
[25-May-2026 12:07:19 UTC] PHP Warning:  Trying to access array offset on value of type bool in D:\Setup\xampp\htdocs\avas\wp-content\themes\aquariuss\template-parts\pages\home.php on line 120
[25-May-2026 12:07:19 UTC] PHP Warning:  Undefined array key "url" in D:\Setup\xampp\htdocs\avas\wp-content\themes\aquariuss\template-parts\pages\home.php on line 156
[25-May-2026 12:07:19 UTC] PHP Warning:  Undefined array key "alt" in D:\Setup\xampp\htdocs\avas\wp-content\themes\aquariuss\template-parts\pages\home.php on line 157
[25-May-2026 12:07:19 UTC] PHP Deprecated:  ltrim(): Passing null to parameter #1 ($string) of type string is deprecated in D:\Setup\xampp\htdocs\avas\wp-includes\formatting.php on line 4487
[25-May-2026 12:07:19 UTC] PHP Warning:  Attempt to read property "ID" on array in D:\Setup\xampp\htdocs\avas\wp-content\themes\aquariuss\template-parts\pages\home.php on line 185
[25-May-2026 12:07:19 UTC] PHP Warning:  Attempt to read property "ID" on array in D:\Setup\xampp\htdocs\avas\wp-content\themes\aquariuss\template-parts\pages\home.php on line 185
[25-May-2026 12:07:19 UTC] PHP Warning:  Attempt to read property "ID" on array in D:\Setup\xampp\htdocs\avas\wp-content\themes\aquariuss\template-parts\pages\home.php on line 186
[25-May-2026 12:07:19 UTC] PHP Warning:  Attempt to read property "ID" on array in D:\Setup\xampp\htdocs\avas\wp-content\themes\aquariuss\template-parts\pages\home.php on line 190
[25-May-2026 12:07:19 UTC] PHP Warning:  Attempt to read property "ID" on array in D:\Setup\xampp\htdocs\avas\wp-content\themes\aquariuss\template-parts\pages\home.php on line 191
[25-May-2026 12:07:19 UTC] PHP Warning:  Attempt to read property "ID" on array in D:\Setup\xampp\htdocs\avas\wp-content\themes\aquariuss\template-parts\pages\home.php on line 191
[25-May-2026 12:07:19 UTC] PHP Warning:  Attempt to read property "ID" on array in D:\Setup\xampp\htdocs\avas\wp-content\themes\aquariuss\template-parts\pages\home.php on line 192
[25-May-2026 12:07:19 UTC] PHP Deprecated:  ltrim(): Passing null to parameter #1 ($string) of type string is deprecated in D:\Setup\xampp\htdocs\avas\wp-includes\formatting.php on line 4487
[25-May-2026 12:07:20 UTC] PHP Deprecated:  Optional parameter $storage_path declared before required parameter $sftp is implicitly treated as a required parameter in D:\Setup\xampp\htdocs\avas\wp-content\plugins\duplicator-pro\lib\phpseclib\class.phpseclib.php on line 107
[25-May-2026 12:07:20 UTC] PHP Deprecated:  Optional parameter $storage_path declared before required parameter $sftp is implicitly treated as a required parameter in D:\Setup\xampp\htdocs\avas\wp-content\plugins\duplicator-pro\lib\phpseclib\class.phpseclib.php on line 107
[25-May-2026 12:07:20 UTC] PHP Deprecated:  Optional parameter $storage_path declared before required parameter $sftp is implicitly treated as a required parameter in D:\Setup\xampp\htdocs\avas\wp-content\plugins\duplicator-pro\lib\phpseclib\class.phpseclib.php on line 107
[25-May-2026 12:07:20 UTC] PHP Deprecated:  Creation of dynamic property DUP_PRO_Global_Entity::$notices is deprecated in D:\Setup\xampp\htdocs\avas\wp-content\plugins\duplicator-pro\classes\entities\class.json.entity.base.php on line 277
[25-May-2026 12:07:20 UTC] PHP Notice:  Function _load_textdomain_just_in_time was called <strong>incorrectly</strong>. Translation loading for the <code>plugins-garbage-collector</code> domain was triggered too early. This is usually an indicator for some code in the plugin or theme running too early. Translations should be loaded at the <code>init</code> action or later. Please see <a href="https://developer.wordpress.org/advanced-administration/debug/debug-wordpress/">Debugging in WordPress</a> for more information. (This message was added in version 6.7.0.) in D:\Setup\xampp\htdocs\avas\wp-includes\functions.php on line 6170
[25-May-2026 12:07:20 UTC] PHP Deprecated:  Creation of dynamic property DUP_PRO_Global_Entity::$notices is deprecated in D:\Setup\xampp\htdocs\avas\wp-content\plugins\duplicator-pro\classes\entities\class.json.entity.base.php on line 277
[25-May-2026 12:07:20 UTC] PHP Notice:  Function _load_textdomain_just_in_time was called <strong>incorrectly</strong>. Translation loading for the <code>plugins-garbage-collector</code> domain was triggered too early. This is usually an indicator for some code in the plugin or theme running too early. Translations should be loaded at the <code>init</code> action or later. Please see <a href="https://developer.wordpress.org/advanced-administration/debug/debug-wordpress/">Debugging in WordPress</a> for more information. (This message was added in version 6.7.0.) in D:\Setup\xampp\htdocs\avas\wp-includes\functions.php on line 6170
[25-May-2026 12:07:20 UTC] PHP Deprecated:  Creation of dynamic property DUP_PRO_Global_Entity::$notices is deprecated in D:\Setup\xampp\htdocs\avas\wp-content\plugins\duplicator-pro\classes\entities\class.json.entity.base.php on line 277
[25-May-2026 12:07:20 UTC] PHP Notice:  Function _load_textdomain_just_in_time was called <strong>incorrectly</strong>. Translation loading for the <code>plugins-garbage-collector</code> domain was triggered too early. This is usually an indicator for some code in the plugin or theme running too early. Translations should be loaded at the <code>init</code> action or later. Please see <a href="https://developer.wordpress.org/advanced-administration/debug/debug-wordpress/">Debugging in WordPress</a> for more information. (This message was added in version 6.7.0.) in D:\Setup\xampp\htdocs\avas\wp-includes\functions.php on line 6170
[25-May-2026 12:07:21 UTC] PHP Deprecated:  Optional parameter $storage_path declared before required parameter $sftp is implicitly treated as a required parameter in D:\Setup\xampp\htdocs\avas\wp-content\plugins\duplicator-pro\lib\phpseclib\class.phpseclib.php on line 107
[25-May-2026 12:07:21 UTC] PHP Deprecated:  Creation of dynamic property DUP_PRO_Global_Entity::$notices is deprecated in D:\Setup\xampp\htdocs\avas\wp-content\plugins\duplicator-pro\classes\entities\class.json.entity.base.php on line 277
[25-May-2026 12:07:21 UTC] PHP Notice:  Function _load_textdomain_just_in_time was called <strong>incorrectly</strong>. Translation loading for the <code>plugins-garbage-collector</code> domain was triggered too early. This is usually an indicator for some code in the plugin or theme running too early. Translations should be loaded at the <code>init</code> action or later. Please see <a href="https://developer.wordpress.org/advanced-administration/debug/debug-wordpress/">Debugging in WordPress</a> for more information. (This message was added in version 6.7.0.) in D:\Setup\xampp\htdocs\avas\wp-includes\functions.php on line 6170
[25-May-2026 12:07:55 UTC] PHP Deprecated:  Optional parameter $storage_path declared before required parameter $sftp is implicitly treated as a required parameter in D:\Setup\xampp\htdocs\avas\wp-content\plugins\duplicator-pro\lib\phpseclib\class.phpseclib.php on line 107
[25-May-2026 12:07:55 UTC] PHP Deprecated:  Creation of dynamic property DUP_PRO_Global_Entity::$notices is deprecated in D:\Setup\xampp\htdocs\avas\wp-content\plugins\duplicator-pro\classes\entities\class.json.entity.base.php on line 277
[25-May-2026 12:07:55 UTC] PHP Notice:  Function _load_textdomain_just_in_time was called <strong>incorrectly</strong>. Translation loading for the <code>plugins-garbage-collector</code> domain was triggered too early. This is usually an indicator for some code in the plugin or theme running too early. Translations should be loaded at the <code>init</code> action or later. Please see <a href="https://developer.wordpress.org/advanced-administration/debug/debug-wordpress/">Debugging in WordPress</a> for more information. (This message was added in version 6.7.0.) in D:\Setup\xampp\htdocs\avas\wp-includes\functions.php on line 6170
